*** FIT VUT v Brně ***
1.9.2018 Erasmus+ výjezdy a zahraniční stáže/praxe
14.9.2018 - 4.2.2019 Rozdělení do přednáškových skupin BIA a BIB na ZS 2018/2019
27.9-21.11.2018 Mimořádné stipendium pro 500 studentů 1. ročníků BC s nejlepší maturitou
23.10.2018 Náhradní termín školení BOZP a PO pro 1. roč. BIT a NMGR (z jiných VŠ)
31.10.2018 Rezevace seminárních místností v knihovně FIT
2.11.2018 Údržba knihovního fondu v knihovně FIT
2.11.2018 Školení z vyhlášky č. 50 (§5)
8.11.2018 Týden vědy na FIT: Vaše anonymita a důvěrnost vašich dat na dnešním Internetu
15.11.2018 ERASMUS+ 2019/2020 - BESEDA
14.12.2018 - 1.2.2019 Dny otevřených dveří na FIT

*** Wikipedia  - Recent changes [en] ***
Seiminlen Doungel
Jeju City
Talk:Goodall House (Macon, Georgia)
List of Flash animated films
Category:Talk radio stations in the United States
Category:Country radio stations in the United States
Category:Unknown-importance plant articles
Category:Stub-Class plant articles
Category:Mid-importance plant articles
Category:Start-Class plant articles
WNBU
Talk:Sporobolus
Wikipedia:Requested moves/Technical requests
Category:Snakes described in the 20th century
Tampa Bay Rays minor league players
User:Kaganalbertmiller
Lycodon alcalai
Dimas Ekky Pratama
Kunti
Jersey Club
Egyptian National Library and Archives
Henry Källgren
Ambareesh
Talk:Numbered Treaties
Bharat Ratna Shri Atal Bihari Vajpayee International Cricket Stadium
Ataegina
Television in Bosnia and Herzegovina
Seiminlen Doungel
By the Bog of Cats
User:Dasrheingold/sandbox
Category:Universal Kids
Category:Unknown-importance plant articles
Category:Stub-Class plant articles
Category:Mid-importance plant articles
Category:Start-Class plant articles
Category:Pages using infobox tennis biography with unsupported parameters
Category:Articles with missing files
Talk:Stapelia
Francisca Jorge
User talk:CLCStudent
Category:Wikipedia articles needing clarification
October Sky
Wikipedia:Administrator intervention against vandalism
Elisabeth Djurle Olander
User talk:Despacito ww2
User:Luke-davidson/sandbox
Lana Del Rey
User:Lehnstuhl

*** xkcd.com ***
Election Night
Challengers
Ballot Selfies
Who Sends the First Text?

*** What If? ***
Earth-Moon Fire Pole
Electrofishing for Whales
Toaster vs. Freezer
Coast-to-Coast Coasting
Hide the Atmosphere
